Attribute 'noalias' applied to incompatible type!
ptr @e43CopySliceRestrict
Attribute 'noalias' applied to incompatible type!
ptr @e43CopySliceRestrict
LLVM ERROR: Broken module found, compilation aborted!
Stack dump without symbol names (ensure you have llvm-symbolizer in your PATH or set the environment var `LLVM_SYMBOLIZER_PATH` to point to it):
0  libLLVM.so.19.1 0x00007379a5b701df llvm::sys::PrintStackTrace(llvm::raw_ostream&, int) + 63
1  libLLVM.so.19.1 0x00007379a5b6debb llvm::sys::RunSignalHandlers() + 43
2  libLLVM.so.19.1 0x00007379a5b70930
3  libc.so.6       0x00007379a1645cb0
4  libc.so.6       0x00007379a16a61ac pthread_kill + 284
5  libc.so.6       0x00007379a1645b7e gsignal + 30
6  libc.so.6       0x00007379a16288ec abort + 39
7  libLLVM.so.19.1 0x00007379a5ac69d4 llvm::report_fatal_error(llvm::Twine const&, bool) + 452
8  libLLVM.so.19.1 0x00007379a5ac680d
9  libLLVM.so.19.1 0x00007379a5d328f1
10 ldc2            0x000062352227eb36 llvm::detail::PassModel<llvm::Module, llvm::VerifierPass, llvm::AnalysisManager<llvm::Module>>::run(llvm::Module&, llvm::AnalysisManager<llvm::Module>&) + 38
11 libLLVM.so.19.1 0x00007379a5d01d78 llvm::PassManager<llvm::Module, llvm::AnalysisManager<llvm::Module>>::run(llvm::Module&, llvm::AnalysisManager<llvm::Module>&) + 552
12 ldc2            0x000062352227cc22 runOptimizationPasses(llvm::Module*, llvm::TargetMachine*) + 3250
13 ldc2            0x000062352227e526 ldc_optimize_module(llvm::Module*, llvm::TargetMachine*) + 38
14 ldc2            0x0000623522338f1e writeModule(llvm::Module*, char const*) + 174
15 ldc2            0x0000623522334021 ldc::CodeGenerator::writeAndFreeLLModule(char const*) + 1137
16 ldc2            0x000062352230c935 codegenModules(Array<Module*>&) + 1461
17 ldc2            0x00006235220c38e8 mars_tryMain(Param&, Array<char const*>&) + 8312
18 ldc2            0x000062352230b1cd cppmain() + 6637
19 ldc2            0x000062352247ac1d _D2rt6dmain212_d_run_main2UAAamPUQgZiZ6runAllMFZv + 77
20 ldc2            0x000062352247aa38 _d_run_main2 + 408
21 ldc2            0x000062352247a88d _d_run_main + 141
22 ldc2            0x0000623521f7849c main + 524
23 libc.so.6       0x00007379a162a601
24 libc.so.6       0x00007379a162a718 __libc_start_main + 136
25 ldc2            0x0000623521f7ac05 _start + 37
